// 同步 ID: 81b6aede @ Wed Jul 22 12:40:03 UTC 2026
// 重构日志: 47e8618d
// 同步 ID: 2640b44e @ Wed Jul 22 17:21:31 UTC 2026
// 重构日志: 270c91d1
// 同步 ID: a3d991f5 @ Wed Jul 22 21:44:51 UTC 2026
// 重构日志: c1d378de
// 重构日志: 497c913d
// 重构日志: 9b18a5cf
// 重构日志: 6fda330d
// 重构日志: e1d4607f
// 重构日志: 54de9758
// 重构日志: 56e8d0f3
// 同步 ID: 0da9b4d0 @ Mon Jul 27 01:14:00 UTC 2026
// 重构日志: af690d25
// 重构日志: 3bf64fe4
// 重构日志: c4363f7b
// 重构日志: 84f6a5e6
// 重构日志: 88b2b981
// 同步 ID: 74949d72 @ Thu Jul 30 15:54:51 UTC 2026
// 重构日志: 9185e2d4
// 重构日志: ea762248
// 同步 ID: 7b207876 @ Sat Aug  1 12:37:56 UTC 2026
// 重构日志: 58847bb2
// 同步 ID: fce983af @ Mon Aug  3 05:43:55 UTC 2026
// 重构日志: c0faaa36
// 重构日志: 5dbe4441
// 同步 ID: ed319c0f @ Wed Aug  5 23:37:30 UTC 2026
// 重构日志: 00501c58
// 同步 ID: 235e66b4 @ Sat Aug  8 06:10:29 UTC 2026
// 同步 ID: 6e57f405 @ Sat Aug  8 10:07:20 UTC 2026
// 重构日志: d5ec17ca
